[2026-05-21T15:57:04.111Z] GET request received
[2026-05-21T15:57:04.120Z] Executing Redshift queries...
[2026-05-21T15:57:14.161Z] ERROR CAUGHT: Connection terminated due to connection timeout
Stack: Error: Connection terminated due to connection timeout
    at C:\Users\user\Desktop\Product_Dashboard\node_modules\pg-pool\index.js:45:11
    at process.processTicksAndRejections (node:internal/process/task_queues:95:5)
    at async Promise.all (index 0)
    at async GET (webpack-internal:///(rsc)/./src/app/api/mcat-weekly-performance/route.ts:206:42)
    at async AppRouteRouteModule.do (C:\Users\user\Desktop\Product_Dashboard\node_modules\next\dist\compiled\next-server\app-route.runtime.dev.js:5:38696)
    at async AppRouteRouteModule.handle (C:\Users\user\Desktop\Product_Dashboard\node_modules\next\dist\compiled\next-server\app-route.runtime.dev.js:5:45978)
    at async responseGenerator (webpack-internal:///(rsc)/./node_modules/next/dist/build/webpack/loaders/next-app-loader/index.js?name=app%2Fapi%2Fmcat-weekly-performance%2Froute&page=%2Fapi%2Fmcat-weekly-performance%2Froute&appPaths=&pagePath=private-next-app-dir%2Fapi%2Fmcat-weekly-performance%2Froute.ts&appDir=C%3A%5CUsers%5Cuser%5CDesktop%5CProduct_Dashboard%5Csrc%5Capp&pageExtensions=tsx&pageExtensions=ts&pageExtensions=jsx&pageExtensions=js&rootDir=C%3A%5CUsers%5Cuser%5CDesktop%5CProduct_Dashboard&isDev=true&tsconfigPath=tsconfig.json&basePath=&assetPrefix=&nextConfigOutput=&preferredRegion=&middlewareConfig=e30%3D&isGlobalNotFoundEnabled=!:206:38)
    at async AppRouteRouteModule.handleResponse (C:\Users\user\Desktop\Product_Dashboard\node_modules\next\dist\compiled\next-server\app-route.runtime.dev.js:1:195304)
    at async handleResponse (webpack-internal:///(rsc)/./node_modules/next/dist/build/webpack/loaders/next-app-loader/index.js?name=app%2Fapi%2Fmcat-weekly-performance%2Froute&page=%2Fapi%2Fmcat-weekly-performance%2Froute&appPaths=&pagePath=private-next-app-dir%2Fapi%2Fmcat-weekly-performance%2Froute.ts&appDir=C%3A%5CUsers%5Cuser%5CDesktop%5CProduct_Dashboard%5Csrc%5Capp&pageExtensions=tsx&pageExtensions=ts&pageExtensions=jsx&pageExtensions=js&rootDir=C%3A%5CUsers%5Cuser%5CDesktop%5CProduct_Dashboard&isDev=true&tsconfigPath=tsconfig.json&basePath=&assetPrefix=&nextConfigOutput=&preferredRegion=&middlewareConfig=e30%3D&isGlobalNotFoundEnabled=!:268:32)
    at async handler (webpack-internal:///(rsc)/./node_modules/next/dist/build/webpack/loaders/next-app-loader/index.js?name=app%2Fapi%2Fmcat-weekly-performance%2Froute&page=%2Fapi%2Fmcat-weekly-performance%2Froute&appPaths=&pagePath=private-next-app-dir%2Fapi%2Fmcat-weekly-performance%2Froute.ts&appDir=C%3A%5CUsers%5Cuser%5CDesktop%5CProduct_Dashboard%5Csrc%5Capp&pageExtensions=tsx&pageExtensions=ts&pageExtensions=jsx&pageExtensions=js&rootDir=C%3A%5CUsers%5Cuser%5CDesktop%5CProduct_Dashboard&isDev=true&tsconfigPath=tsconfig.json&basePath=&assetPrefix=&nextConfigOutput=&preferredRegion=&middlewareConfig=e30%3D&isGlobalNotFoundEnabled=!:320:13)
    at async DevServer.renderToResponseWithComponentsImpl (C:\Users\user\Desktop\Product_Dashboard\node_modules\next\dist\server\base-server.js:1430:9)
    at async DevServer.renderPageComponent (C:\Users\user\Desktop\Product_Dashboard\node_modules\next\dist\server\base-server.js:1482:24)
    at async DevServer.renderToResponseImpl (C:\Users\user\Desktop\Product_Dashboard\node_modules\next\dist\server\base-server.js:1522:32)
    at async DevServer.pipeImpl (C:\Users\user\Desktop\Product_Dashboard\node_modules\next\dist\server\base-server.js:1026:25)
    at async NextNodeServer.handleCatchallRenderRequest (C:\Users\user\Desktop\Product_Dashboard\node_modules\next\dist\server\next-server.js:394:17)
    at async DevServer.handleRequestImpl (C:\Users\user\Desktop\Product_Dashboard\node_modules\next\dist\server\base-server.js:917:17)
    at async C:\Users\user\Desktop\Product_Dashboard\node_modules\next\dist\server\dev\next-dev-server.js:400:20
    at async Span.traceAsyncFn (C:\Users\user\Desktop\Product_Dashboard\node_modules\next\dist\trace\trace.js:157:20)
    at async DevServer.handleRequest (C:\Users\user\Desktop\Product_Dashboard\node_modules\next\dist\server\dev\next-dev-server.js:396:24)
    at async invokeRender (C:\Users\user\Desktop\Product_Dashboard\node_modules\next\dist\server\lib\router-server.js:240:21)
    at async handleRequest (C:\Users\user\Desktop\Product_Dashboard\node_modules\next\dist\server\lib\router-server.js:437:24)
    at async requestHandlerImpl (C:\Users\user\Desktop\Product_Dashboard\node_modules\next\dist\server\lib\router-server.js:485:13)
    at async Server.requestListener (C:\Users\user\Desktop\Product_Dashboard\node_modules\next\dist\server\lib\start-server.js:226:13)
[2026-05-21T15:57:14.321Z] GET request received
[2026-05-21T15:57:14.323Z] Executing Redshift queries...
[2026-05-21T15:57:24.339Z] ERROR CAUGHT: Connection terminated due to connection timeout
Stack: Error: Connection terminated due to connection timeout
    at C:\Users\user\Desktop\Product_Dashboard\node_modules\pg-pool\index.js:45:11
    at process.processTicksAndRejections (node:internal/process/task_queues:95:5)
    at async Promise.all (index 1)
    at async GET (webpack-internal:///(rsc)/./src/app/api/mcat-weekly-performance/route.ts:206:42)
    at async AppRouteRouteModule.do (C:\Users\user\Desktop\Product_Dashboard\node_modules\next\dist\compiled\next-server\app-route.runtime.dev.js:5:38696)
    at async AppRouteRouteModule.handle (C:\Users\user\Desktop\Product_Dashboard\node_modules\next\dist\compiled\next-server\app-route.runtime.dev.js:5:45978)
    at async responseGenerator (webpack-internal:///(rsc)/./node_modules/next/dist/build/webpack/loaders/next-app-loader/index.js?name=app%2Fapi%2Fmcat-weekly-performance%2Froute&page=%2Fapi%2Fmcat-weekly-performance%2Froute&appPaths=&pagePath=private-next-app-dir%2Fapi%2Fmcat-weekly-performance%2Froute.ts&appDir=C%3A%5CUsers%5Cuser%5CDesktop%5CProduct_Dashboard%5Csrc%5Capp&pageExtensions=tsx&pageExtensions=ts&pageExtensions=jsx&pageExtensions=js&rootDir=C%3A%5CUsers%5Cuser%5CDesktop%5CProduct_Dashboard&isDev=true&tsconfigPath=tsconfig.json&basePath=&assetPrefix=&nextConfigOutput=&preferredRegion=&middlewareConfig=e30%3D&isGlobalNotFoundEnabled=!:206:38)
    at async AppRouteRouteModule.handleResponse (C:\Users\user\Desktop\Product_Dashboard\node_modules\next\dist\compiled\next-server\app-route.runtime.dev.js:1:195304)
    at async handleResponse (webpack-internal:///(rsc)/./node_modules/next/dist/build/webpack/loaders/next-app-loader/index.js?name=app%2Fapi%2Fmcat-weekly-performance%2Froute&page=%2Fapi%2Fmcat-weekly-performance%2Froute&appPaths=&pagePath=private-next-app-dir%2Fapi%2Fmcat-weekly-performance%2Froute.ts&appDir=C%3A%5CUsers%5Cuser%5CDesktop%5CProduct_Dashboard%5Csrc%5Capp&pageExtensions=tsx&pageExtensions=ts&pageExtensions=jsx&pageExtensions=js&rootDir=C%3A%5CUsers%5Cuser%5CDesktop%5CProduct_Dashboard&isDev=true&tsconfigPath=tsconfig.json&basePath=&assetPrefix=&nextConfigOutput=&preferredRegion=&middlewareConfig=e30%3D&isGlobalNotFoundEnabled=!:268:32)
    at async handler (webpack-internal:///(rsc)/./node_modules/next/dist/build/webpack/loaders/next-app-loader/index.js?name=app%2Fapi%2Fmcat-weekly-performance%2Froute&page=%2Fapi%2Fmcat-weekly-performance%2Froute&appPaths=&pagePath=private-next-app-dir%2Fapi%2Fmcat-weekly-performance%2Froute.ts&appDir=C%3A%5CUsers%5Cuser%5CDesktop%5CProduct_Dashboard%5Csrc%5Capp&pageExtensions=tsx&pageExtensions=ts&pageExtensions=jsx&pageExtensions=js&rootDir=C%3A%5CUsers%5Cuser%5CDesktop%5CProduct_Dashboard&isDev=true&tsconfigPath=tsconfig.json&basePath=&assetPrefix=&nextConfigOutput=&preferredRegion=&middlewareConfig=e30%3D&isGlobalNotFoundEnabled=!:320:13)
    at async DevServer.renderToResponseWithComponentsImpl (C:\Users\user\Desktop\Product_Dashboard\node_modules\next\dist\server\base-server.js:1430:9)
    at async DevServer.renderPageComponent (C:\Users\user\Desktop\Product_Dashboard\node_modules\next\dist\server\base-server.js:1482:24)
    at async DevServer.renderToResponseImpl (C:\Users\user\Desktop\Product_Dashboard\node_modules\next\dist\server\base-server.js:1522:32)
    at async DevServer.pipeImpl (C:\Users\user\Desktop\Product_Dashboard\node_modules\next\dist\server\base-server.js:1026:25)
    at async NextNodeServer.handleCatchallRenderRequest (C:\Users\user\Desktop\Product_Dashboard\node_modules\next\dist\server\next-server.js:394:17)
    at async DevServer.handleRequestImpl (C:\Users\user\Desktop\Product_Dashboard\node_modules\next\dist\server\base-server.js:917:17)
    at async C:\Users\user\Desktop\Product_Dashboard\node_modules\next\dist\server\dev\next-dev-server.js:400:20
    at async Span.traceAsyncFn (C:\Users\user\Desktop\Product_Dashboard\node_modules\next\dist\trace\trace.js:157:20)
    at async DevServer.handleRequest (C:\Users\user\Desktop\Product_Dashboard\node_modules\next\dist\server\dev\next-dev-server.js:396:24)
    at async invokeRender (C:\Users\user\Desktop\Product_Dashboard\node_modules\next\dist\server\lib\router-server.js:240:21)
    at async handleRequest (C:\Users\user\Desktop\Product_Dashboard\node_modules\next\dist\server\lib\router-server.js:437:24)
    at async requestHandlerImpl (C:\Users\user\Desktop\Product_Dashboard\node_modules\next\dist\server\lib\router-server.js:485:13)
    at async Server.requestListener (C:\Users\user\Desktop\Product_Dashboard\node_modules\next\dist\server\lib\start-server.js:226:13)
[2026-05-22T03:34:04.498Z] GET request received
[2026-05-22T03:34:04.502Z] Executing Redshift queries...
[2026-05-22T03:34:24.005Z] GET request received
[2026-05-22T03:34:24.009Z] Executing Redshift queries...
[2026-05-22T03:35:58.888Z] Queries done in 114385 ms. Row counts: res1=172679, res2=221210, res3=221210, res4=9010
[2026-05-22T03:35:58.890Z] Mapping res1...
[2026-05-22T03:35:59.729Z] res1 mapping complete. mergedMap size: 172679
[2026-05-22T03:35:59.730Z] Mapping res3...
[2026-05-22T03:36:00.858Z] res3 mapping complete. mergedMap size: 258492
[2026-05-22T03:36:00.862Z] Mapping res2...
[2026-05-22T03:36:01.297Z] res2 mapping complete. campaignData count: 221210
[2026-05-22T03:36:01.299Z] Mapping res4...
[2026-05-22T03:36:01.301Z] res4 mapping complete. adsRunningMcats count: 9010
[2026-05-22T03:36:01.302Z] Returning JSON response...
[2026-05-22T03:36:02.563Z] JSON response created successfully
[2026-05-22T03:36:04.353Z] Queries done in 100343 ms. Row counts: res1=172679, res2=221210, res3=221210, res4=9010
[2026-05-22T03:36:04.354Z] Mapping res1...
[2026-05-22T03:36:04.922Z] res1 mapping complete. mergedMap size: 172679
[2026-05-22T03:36:04.923Z] Mapping res3...
[2026-05-22T03:36:05.881Z] res3 mapping complete. mergedMap size: 258492
[2026-05-22T03:36:05.887Z] Mapping res2...
[2026-05-22T03:36:06.498Z] res2 mapping complete. campaignData count: 221210
[2026-05-22T03:36:06.499Z] Mapping res4...
[2026-05-22T03:36:06.502Z] res4 mapping complete. adsRunningMcats count: 9010
[2026-05-22T03:36:06.503Z] Returning JSON response...
[2026-05-22T03:36:07.647Z] JSON response created successfully
[2026-05-22T05:10:02.253Z] GET request received
[2026-05-22T05:10:02.256Z] Executing Redshift queries...
[2026-05-22T05:10:22.213Z] GET request received
[2026-05-22T05:10:22.216Z] Executing Redshift queries...
[2026-05-22T05:11:07.911Z] Queries done in 65653 ms. Row counts: res1=172679, res2=221210, res3=221210, res4=9010
[2026-05-22T05:11:07.913Z] Mapping res1...
[2026-05-22T05:11:09.197Z] res1 mapping complete. mergedMap size: 172679
[2026-05-22T05:11:09.199Z] Mapping res3...
[2026-05-22T05:11:10.863Z] res3 mapping complete. mergedMap size: 258492
[2026-05-22T05:11:10.869Z] Mapping res2...
[2026-05-22T05:11:11.858Z] res2 mapping complete. campaignData count: 221210
[2026-05-22T05:11:11.860Z] Mapping res4...
[2026-05-22T05:11:11.862Z] res4 mapping complete. adsRunningMcats count: 9010
[2026-05-22T05:11:11.864Z] Returning JSON response...
[2026-05-22T05:11:14.227Z] JSON response created successfully
[2026-05-22T05:12:07.520Z] Queries done in 105303 ms. Row counts: res1=172679, res2=221210, res3=221210, res4=9010
[2026-05-22T05:12:07.522Z] Mapping res1...
[2026-05-22T05:12:09.145Z] res1 mapping complete. mergedMap size: 172679
[2026-05-22T05:12:09.148Z] Mapping res3...
[2026-05-22T05:12:10.841Z] res3 mapping complete. mergedMap size: 258492
[2026-05-22T05:12:10.846Z] Mapping res2...
[2026-05-22T05:12:12.001Z] res2 mapping complete. campaignData count: 221210
[2026-05-22T05:12:12.003Z] Mapping res4...
[2026-05-22T05:12:12.006Z] res4 mapping complete. adsRunningMcats count: 9010
[2026-05-22T05:12:12.008Z] Returning JSON response...
[2026-05-22T05:12:13.874Z] JSON response created successfully
[2026-05-22T10:43:44.813Z] GET request received
[2026-05-22T10:43:44.815Z] Executing Redshift queries...
[2026-05-22T10:44:04.235Z] GET request received
[2026-05-22T10:44:04.236Z] Executing Redshift queries...
[2026-05-22T10:44:38.803Z] Queries done in 53987 ms. Row counts: res1=172679, res2=221210, res3=221210, res4=9010
[2026-05-22T10:44:38.804Z] Mapping res1...
[2026-05-22T10:44:39.354Z] res1 mapping complete. mergedMap size: 172679
[2026-05-22T10:44:39.355Z] Mapping res3...
[2026-05-22T10:44:40.232Z] res3 mapping complete. mergedMap size: 258492
[2026-05-22T10:44:40.235Z] Mapping res2...
[2026-05-22T10:44:40.732Z] res2 mapping complete. campaignData count: 221210
[2026-05-22T10:44:40.734Z] Mapping res4...
[2026-05-22T10:44:40.735Z] res4 mapping complete. adsRunningMcats count: 9010
[2026-05-22T10:44:40.736Z] Returning JSON response...
[2026-05-22T10:44:41.993Z] JSON response created successfully
[2026-05-22T10:44:42.786Z] Queries done in 38548 ms. Row counts: res1=172679, res2=221210, res3=221210, res4=9010
[2026-05-22T10:44:42.787Z] Mapping res1...
[2026-05-22T10:44:43.480Z] res1 mapping complete. mergedMap size: 172679
[2026-05-22T10:44:43.482Z] Mapping res3...
[2026-05-22T10:44:44.336Z] res3 mapping complete. mergedMap size: 258492
[2026-05-22T10:44:44.339Z] Mapping res2...
[2026-05-22T10:44:44.904Z] res2 mapping complete. campaignData count: 221210
[2026-05-22T10:44:44.905Z] Mapping res4...
[2026-05-22T10:44:44.907Z] res4 mapping complete. adsRunningMcats count: 9010
[2026-05-22T10:44:44.908Z] Returning JSON response...
[2026-05-22T10:44:46.490Z] JSON response created successfully
[2026-05-22T10:52:09.996Z] GET request received
[2026-05-22T10:52:09.998Z] Executing Redshift queries...
[2026-05-22T10:52:30.016Z] GET request received
[2026-05-22T10:52:30.019Z] Executing Redshift queries...
[2026-05-22T10:53:00.760Z] Queries done in 50761 ms. Row counts: res1=172679, res2=221210, res3=221210, res4=9010
[2026-05-22T10:53:00.762Z] Mapping res1...
[2026-05-22T10:53:01.489Z] res1 mapping complete. mergedMap size: 172679
[2026-05-22T10:53:01.490Z] Mapping res3...
[2026-05-22T10:53:02.441Z] res3 mapping complete. mergedMap size: 258492
[2026-05-22T10:53:02.444Z] Mapping res2...
[2026-05-22T10:53:02.901Z] res2 mapping complete. campaignData count: 221210
[2026-05-22T10:53:02.903Z] Mapping res4...
[2026-05-22T10:53:02.904Z] res4 mapping complete. adsRunningMcats count: 9010
[2026-05-22T10:53:02.905Z] Returning JSON response...
[2026-05-22T10:53:03.811Z] JSON response created successfully
[2026-05-22T10:53:12.186Z] Queries done in 42165 ms. Row counts: res1=172679, res2=221210, res3=221210, res4=9010
[2026-05-22T10:53:12.188Z] Mapping res1...
[2026-05-22T10:53:12.964Z] res1 mapping complete. mergedMap size: 172679
[2026-05-22T10:53:12.965Z] Mapping res3...
[2026-05-22T10:53:13.862Z] res3 mapping complete. mergedMap size: 258492
[2026-05-22T10:53:13.864Z] Mapping res2...
[2026-05-22T10:53:14.340Z] res2 mapping complete. campaignData count: 221210
[2026-05-22T10:53:14.342Z] Mapping res4...
[2026-05-22T10:53:14.343Z] res4 mapping complete. adsRunningMcats count: 9010
[2026-05-22T10:53:14.344Z] Returning JSON response...
[2026-05-22T10:53:16.014Z] JSON response created successfully
[2026-05-22T11:56:38.575Z] GET request received
[2026-05-22T11:56:38.579Z] Executing Redshift queries...
[2026-05-22T11:56:58.506Z] GET request received
[2026-05-22T11:56:58.510Z] Executing Redshift queries...
[2026-05-22T11:57:35.936Z] Queries done in 57357 ms. Row counts: res1=172679, res2=221210, res3=221210, res4=9010
[2026-05-22T11:57:35.938Z] Mapping res1...
[2026-05-22T11:57:36.512Z] res1 mapping complete. mergedMap size: 172679
[2026-05-22T11:57:36.514Z] Mapping res3...
[2026-05-22T11:57:36.987Z] res3 mapping complete. mergedMap size: 258492
[2026-05-22T11:57:36.989Z] Mapping res2...
[2026-05-22T11:57:37.260Z] res2 mapping complete. campaignData count: 221210
[2026-05-22T11:57:37.261Z] Mapping res4...
[2026-05-22T11:57:37.263Z] res4 mapping complete. adsRunningMcats count: 9010
[2026-05-22T11:57:37.263Z] Returning JSON response...
[2026-05-22T11:57:37.861Z] JSON response created successfully
[2026-05-22T11:57:48.479Z] Queries done in 49967 ms. Row counts: res1=172679, res2=221210, res3=221210, res4=9010
[2026-05-22T11:57:48.479Z] Mapping res1...
[2026-05-22T11:57:49.160Z] res1 mapping complete. mergedMap size: 172679
[2026-05-22T11:57:49.161Z] Mapping res3...
[2026-05-22T11:57:49.847Z] res3 mapping complete. mergedMap size: 258492
[2026-05-22T11:57:49.849Z] Mapping res2...
[2026-05-22T11:57:50.397Z] res2 mapping complete. campaignData count: 221210
[2026-05-22T11:57:50.398Z] Mapping res4...
[2026-05-22T11:57:50.399Z] res4 mapping complete. adsRunningMcats count: 9010
[2026-05-22T11:57:50.400Z] Returning JSON response...
[2026-05-22T11:57:51.128Z] JSON response created successfully
[2026-05-22T12:10:29.097Z] GET request received
[2026-05-22T12:10:29.102Z] Executing Redshift queries...
[2026-05-22T12:10:47.804Z] GET request received
[2026-05-22T12:10:47.805Z] Executing Redshift queries...
[2026-05-22T12:11:12.575Z] Queries done in 43472 ms. Row counts: res1=172679, res2=221210, res3=221210, res4=9010
[2026-05-22T12:11:12.577Z] Mapping res1...
[2026-05-22T12:11:13.244Z] res1 mapping complete. mergedMap size: 172679
[2026-05-22T12:11:13.245Z] Mapping res3...
[2026-05-22T12:11:14.109Z] res3 mapping complete. mergedMap size: 258492
[2026-05-22T12:11:14.112Z] Mapping res2...
[2026-05-22T12:11:14.671Z] res2 mapping complete. campaignData count: 221210
[2026-05-22T12:11:14.672Z] Mapping res4...
[2026-05-22T12:11:14.673Z] res4 mapping complete. adsRunningMcats count: 9010
[2026-05-22T12:11:14.674Z] Returning JSON response...
[2026-05-22T12:11:15.554Z] JSON response created successfully
[2026-05-22T12:11:18.249Z] Queries done in 30442 ms. Row counts: res1=172679, res2=221210, res3=221210, res4=9010
[2026-05-22T12:11:18.251Z] Mapping res1...
[2026-05-22T12:11:18.885Z] res1 mapping complete. mergedMap size: 172679
[2026-05-22T12:11:18.887Z] Mapping res3...
[2026-05-22T12:11:19.783Z] res3 mapping complete. mergedMap size: 258492
[2026-05-22T12:11:19.787Z] Mapping res2...
[2026-05-22T12:11:20.246Z] res2 mapping complete. campaignData count: 221210
[2026-05-22T12:11:20.247Z] Mapping res4...
[2026-05-22T12:11:20.249Z] res4 mapping complete. adsRunningMcats count: 9010
[2026-05-22T12:11:20.250Z] Returning JSON response...
[2026-05-22T12:11:21.805Z] JSON response created successfully
[2026-05-22T12:13:45.432Z] GET request received
[2026-05-22T12:13:45.436Z] Executing Redshift queries...
[2026-05-22T12:15:04.504Z] Queries done in 79066 ms. Row counts: res1=337503, res2=367406, res3=379412, res4=9010
[2026-05-22T12:15:04.505Z] Mapping res1...
[2026-05-22T12:15:05.714Z] res1 mapping complete. mergedMap size: 337503
[2026-05-22T12:15:05.715Z] Mapping res3...
[2026-05-22T12:15:07.363Z] res3 mapping complete. mergedMap size: 391011
[2026-05-22T12:15:07.367Z] Mapping res2...
[2026-05-22T12:15:08.256Z] res2 mapping complete. campaignData count: 367406
[2026-05-22T12:15:08.257Z] Mapping res4...
[2026-05-22T12:15:08.258Z] res4 mapping complete. adsRunningMcats count: 9010
[2026-05-22T12:15:08.259Z] Returning JSON response...
[2026-05-22T12:15:09.699Z] JSON response created successfully
[2026-05-22T12:16:16.901Z] GET request received
[2026-05-22T12:16:16.903Z] Executing Redshift queries...
[2026-05-22T12:16:36.164Z] GET request received
[2026-05-22T12:16:36.165Z] Executing Redshift queries...
[2026-05-22T12:17:30.355Z] Queries done in 54189 ms. Row counts: res1=172679, res2=221210, res3=221210, res4=9010
[2026-05-22T12:17:30.357Z] Mapping res1...
[2026-05-22T12:17:31.125Z] res1 mapping complete. mergedMap size: 172679
[2026-05-22T12:17:31.126Z] Mapping res3...
[2026-05-22T12:17:32.056Z] res3 mapping complete. mergedMap size: 258492
[2026-05-22T12:17:32.059Z] Mapping res2...
[2026-05-22T12:17:32.511Z] res2 mapping complete. campaignData count: 221210
[2026-05-22T12:17:32.512Z] Mapping res4...
[2026-05-22T12:17:32.513Z] res4 mapping complete. adsRunningMcats count: 9010
[2026-05-22T12:17:32.514Z] Returning JSON response...
[2026-05-22T12:17:33.482Z] JSON response created successfully
[2026-05-22T12:17:36.759Z] Queries done in 79854 ms. Row counts: res1=172679, res2=221210, res3=221210, res4=9010
[2026-05-22T12:17:36.761Z] Mapping res1...
[2026-05-22T12:17:38.093Z] res1 mapping complete. mergedMap size: 172679
[2026-05-22T12:17:38.095Z] Mapping res3...
[2026-05-22T12:17:40.178Z] res3 mapping complete. mergedMap size: 258492
[2026-05-22T12:17:40.186Z] Mapping res2...
[2026-05-22T12:17:41.268Z] res2 mapping complete. campaignData count: 221210
[2026-05-22T12:17:41.271Z] Mapping res4...
[2026-05-22T12:17:41.273Z] res4 mapping complete. adsRunningMcats count: 9010
[2026-05-22T12:17:41.274Z] Returning JSON response...
[2026-05-22T12:17:43.143Z] JSON response created successfully
[2026-05-22T12:18:09.085Z] GET request received
[2026-05-22T12:18:09.087Z] Executing Redshift queries...
[2026-05-22T12:18:29.952Z] Queries done in 20863 ms. Row counts: res1=337503, res2=367406, res3=379412, res4=9010
[2026-05-22T12:18:29.954Z] Mapping res1...
[2026-05-22T12:18:31.188Z] res1 mapping complete. mergedMap size: 337503
[2026-05-22T12:18:31.190Z] Mapping res3...
[2026-05-22T12:18:32.752Z] res3 mapping complete. mergedMap size: 391011
[2026-05-22T12:18:32.757Z] Mapping res2...
[2026-05-22T12:18:33.505Z] res2 mapping complete. campaignData count: 367406
[2026-05-22T12:18:33.507Z] Mapping res4...
[2026-05-22T12:18:33.509Z] res4 mapping complete. adsRunningMcats count: 9010
[2026-05-22T12:18:33.510Z] Returning JSON response...
[2026-05-22T12:18:34.965Z] JSON response created successfully
[2026-05-25T04:39:58.822Z] GET request received
[2026-05-25T04:39:58.823Z] Executing Redshift queries...
[2026-05-25T04:40:18.087Z] GET request received
[2026-05-25T04:40:18.089Z] Executing Redshift queries...
[2026-05-25T05:53:34.368Z] GET request received
[2026-05-25T05:53:34.372Z] Executing Redshift queries...
[2026-05-25T05:53:53.117Z] GET request received
[2026-05-25T05:53:53.120Z] Executing Redshift queries...
[2026-05-25T05:54:29.520Z] Queries done in 55147 ms. Row counts: res1=171198, res2=220699, res3=220699, res4=8771
[2026-05-25T05:54:29.525Z] Mapping res1...
[2026-05-25T05:54:30.295Z] res1 mapping complete. mergedMap size: 171198
[2026-05-25T05:54:30.296Z] Mapping res3...
[2026-05-25T05:54:31.267Z] res3 mapping complete. mergedMap size: 253215
[2026-05-25T05:54:31.272Z] Mapping res2...
[2026-05-25T05:54:31.914Z] res2 mapping complete. campaignData count: 220699
[2026-05-25T05:54:31.917Z] Mapping res4...
[2026-05-25T05:54:31.920Z] res4 mapping complete. adsRunningMcats count: 8771
[2026-05-25T05:54:31.920Z] Returning JSON response...
[2026-05-25T05:54:33.135Z] JSON response created successfully
[2026-05-25T05:54:55.756Z] Queries done in 62635 ms. Row counts: res1=171198, res2=220699, res3=220699, res4=8771
[2026-05-25T05:54:55.757Z] Mapping res1...
[2026-05-25T05:54:57.012Z] res1 mapping complete. mergedMap size: 171198
[2026-05-25T05:54:57.013Z] Mapping res3...
[2026-05-25T05:54:59.114Z] res3 mapping complete. mergedMap size: 253215
[2026-05-25T05:54:59.117Z] Mapping res2...
[2026-05-25T05:54:59.694Z] res2 mapping complete. campaignData count: 220699
[2026-05-25T05:54:59.695Z] Mapping res4...
[2026-05-25T05:54:59.698Z] res4 mapping complete. adsRunningMcats count: 8771
[2026-05-25T05:54:59.699Z] Returning JSON response...
[2026-05-25T05:55:01.129Z] JSON response created successfully
